

================================================================
== Synthesis Summary Report of 'multiplier'
================================================================
+ General Information: 
    * Date:           Wed Mar 15 13:09:46 2023
    * Version:        2022.2 (Build 3670227 on Oct 13 2022)
    * Project:        project_4
    * Solution:       solution1 (Vivado IP Flow Target)
    * Product family: artix7
    * Target device:  xc7a200t-fbg676-2
    

+ Performance & Resource Estimates: 
    
    PS: '+' for module; 'o' for loop; '*' for dataflow
    +--------------+------+------+---------+--------+----------+---------+------+----------+------+----+---+----------+-----+
    |    Modules   | Issue|      | Latency | Latency| Iteration|         | Trip |          |      |    |   |          |     |
    |    & Loops   | Type | Slack| (cycles)|  (ns)  |  Latency | Interval| Count| Pipelined| BRAM | DSP| FF|    LUT   | URAM|
    +--------------+------+------+---------+--------+----------+---------+------+----------+------+----+---+----------+-----+
    |+ multiplier  |     -|  3.67|        0|   0.000|         -|        1|     -|        no|     -|   -|  -|  41 (~0%)|    -|
    +--------------+------+------+---------+--------+----------+---------+------+----------+------+----+---+----------+-----+


================================================================
== HW Interfaces
================================================================
* Other Ports
+-----------+---------+----------+
| Interface | Mode    | Bitwidth |
+-----------+---------+----------+
| a         | ap_none | 8        |
| b         | ap_none | 8        |
| c         | ap_none | 16       |
+-----------+---------+----------+

* TOP LEVEL CONTROL
+-----------+------------+-----------------------------------+
| Interface | Type       | Ports                             |
+-----------+------------+-----------------------------------+
| ap_ctrl   | ap_ctrl_hs | ap_done ap_idle ap_ready ap_start |
+-----------+------------+-----------------------------------+


================================================================
== SW I/O Information
================================================================
* Top Function Arguments
+----------+-----------+----------+
| Argument | Direction | Datatype |
+----------+-----------+----------+
| a        | in        | char     |
| b        | in        | char     |
| c        | out       | short&   |
+----------+-----------+----------+

* SW-to-HW Mapping
+----------+--------------+---------+
| Argument | HW Interface | HW Type |
+----------+--------------+---------+
| a        | a            | port    |
| b        | b            | port    |
| c        | c            | port    |
+----------+--------------+---------+


================================================================
== Bind Op Report
================================================================
+-----------------------+-----+--------+----------+-----+------+---------+
| Name                  | DSP | Pragma | Variable | Op  | Impl | Latency |
+-----------------------+-----+--------+----------+-----+------+---------+
| + multiplier          | 0   |        |          |     |      |         |
|   mul_8s_8s_16_1_1_U1 | -   |        | mul_ln7  | mul | auto | 0       |
+-----------------------+-----+--------+----------+-----+------+---------+


================================================================
== Bind Storage Report
================================================================
  No bind storage info in design

================================================================
== Pragma Report
================================================================
* Valid Pragma Syntax
+-----------+----------------+----------------------------------------------------------------+
| Type      | Options        | Location                                                       |
+-----------+----------------+----------------------------------------------------------------+
| interface | ap_none port=a | ../../../../OneDrive/Desktop/vitis/main.cpp:4 in multiplier, a |
| interface | ap_none port=b | ../../../../OneDrive/Desktop/vitis/main.cpp:5 in multiplier, b |
| interface | ap_none port=c | ../../../../OneDrive/Desktop/vitis/main.cpp:6 in multiplier, c |
+-----------+----------------+----------------------------------------------------------------+


