

================================================================
== Vitis HLS Report for 'shift_register'
================================================================
* Date:           Thu Apr  6 11:22:21 2023

* Version:        2022.2 (Build 3670227 on Oct 13 2022)
* Project:        project_25
* Solution:       solution1 (Vivado IP Flow Target)
* Product family: zynq
* Target device:  xc7z020-clg484-1


================================================================
== Performance Estimates
================================================================
+ Timing: 
    * Summary: 
    +--------+----------+----------+------------+
    |  Clock |  Target  | Estimated| Uncertainty|
    +--------+----------+----------+------------+
    |ap_clk  |  10.00 ns|  4.604 ns|     2.70 ns|
    +--------+----------+----------+------------+

+ Latency: 
    * Summary: 
    +---------+---------+----------+----------+-----+-----+---------+
    |  Latency (cycles) |  Latency (absolute) |  Interval | Pipeline|
    |   min   |   max   |    min   |    max   | min | max |   Type  |
    +---------+---------+----------+----------+-----+-----+---------+
    |       31|       31|  0.310 us|  0.310 us|   32|   32|       no|
    +---------+---------+----------+----------+-----+-----+---------+

    + Detail: 
        * Instance: 
        N/A

        * Loop: 
        N/A



================================================================
== Utilization Estimates
================================================================
* Summary: 
+-----------------+---------+-----+--------+-------+-----+
|       Name      | BRAM_18K| DSP |   FF   |  LUT  | URAM|
+-----------------+---------+-----+--------+-------+-----+
|DSP              |        -|    -|       -|      -|    -|
|Expression       |        -|    -|       0|    648|    -|
|FIFO             |        -|    -|       -|      -|    -|
|Instance         |        -|    -|       0|   2080|    -|
|Memory           |        -|    -|       -|      -|    -|
|Multiplexer      |        -|    -|       -|    246|    -|
|Register         |        -|    -|     512|      -|    -|
+-----------------+---------+-----+--------+-------+-----+
|Total            |        0|    0|     512|   2974|    0|
+-----------------+---------+-----+--------+-------+-----+
|Available        |      280|  220|  106400|  53200|    0|
+-----------------+---------+-----+--------+-------+-----+
|Utilization (%)  |        0|    0|      ~0|      5|    0|
+-----------------+---------+-----+--------+-------+-----+

+ Detail: 
    * Instance: 
    +--------------------+----------------+---------+----+---+----+-----+
    |      Instance      |     Module     | BRAM_18K| DSP| FF| LUT| URAM|
    +--------------------+----------------+---------+----+---+----+-----+
    |mux_164_16_1_1_U1   |mux_164_16_1_1  |        0|   0|  0|  65|    0|
    |mux_164_16_1_1_U2   |mux_164_16_1_1  |        0|   0|  0|  65|    0|
    |mux_164_16_1_1_U3   |mux_164_16_1_1  |        0|   0|  0|  65|    0|
    |mux_164_16_1_1_U4   |mux_164_16_1_1  |        0|   0|  0|  65|    0|
    |mux_164_16_1_1_U5   |mux_164_16_1_1  |        0|   0|  0|  65|    0|
    |mux_164_16_1_1_U6   |mux_164_16_1_1  |        0|   0|  0|  65|    0|
    |mux_164_16_1_1_U7   |mux_164_16_1_1  |        0|   0|  0|  65|    0|
    |mux_164_16_1_1_U8   |mux_164_16_1_1  |        0|   0|  0|  65|    0|
    |mux_164_16_1_1_U9   |mux_164_16_1_1  |        0|   0|  0|  65|    0|
    |mux_164_16_1_1_U10  |mux_164_16_1_1  |        0|   0|  0|  65|    0|
    |mux_164_16_1_1_U11  |mux_164_16_1_1  |        0|   0|  0|  65|    0|
    |mux_164_16_1_1_U12  |mux_164_16_1_1  |        0|   0|  0|  65|    0|
    |mux_164_16_1_1_U13  |mux_164_16_1_1  |        0|   0|  0|  65|    0|
    |mux_164_16_1_1_U14  |mux_164_16_1_1  |        0|   0|  0|  65|    0|
    |mux_164_16_1_1_U15  |mux_164_16_1_1  |        0|   0|  0|  65|    0|
    |mux_164_16_1_1_U16  |mux_164_16_1_1  |        0|   0|  0|  65|    0|
    |mux_164_16_1_1_U17  |mux_164_16_1_1  |        0|   0|  0|  65|    0|
    |mux_164_16_1_1_U18  |mux_164_16_1_1  |        0|   0|  0|  65|    0|
    |mux_164_16_1_1_U19  |mux_164_16_1_1  |        0|   0|  0|  65|    0|
    |mux_164_16_1_1_U20  |mux_164_16_1_1  |        0|   0|  0|  65|    0|
    |mux_164_16_1_1_U21  |mux_164_16_1_1  |        0|   0|  0|  65|    0|
    |mux_164_16_1_1_U22  |mux_164_16_1_1  |        0|   0|  0|  65|    0|
    |mux_164_16_1_1_U23  |mux_164_16_1_1  |        0|   0|  0|  65|    0|
    |mux_164_16_1_1_U24  |mux_164_16_1_1  |        0|   0|  0|  65|    0|
    |mux_164_16_1_1_U25  |mux_164_16_1_1  |        0|   0|  0|  65|    0|
    |mux_164_16_1_1_U26  |mux_164_16_1_1  |        0|   0|  0|  65|    0|
    |mux_164_16_1_1_U27  |mux_164_16_1_1  |        0|   0|  0|  65|    0|
    |mux_164_16_1_1_U28  |mux_164_16_1_1  |        0|   0|  0|  65|    0|
    |mux_164_16_1_1_U29  |mux_164_16_1_1  |        0|   0|  0|  65|    0|
    |mux_164_16_1_1_U30  |mux_164_16_1_1  |        0|   0|  0|  65|    0|
    |mux_164_16_1_1_U31  |mux_164_16_1_1  |        0|   0|  0|  65|    0|
    |mux_164_16_1_1_U32  |mux_164_16_1_1  |        0|   0|  0|  65|    0|
    +--------------------+----------------+---------+----+---+----+-----+
    |Total               |                |        0|   0|  0|2080|    0|
    +--------------------+----------------+---------+----+---+----+-----+

    * DSP: 
    N/A

    * Memory: 
    N/A

    * FIFO: 
    N/A

    * Expression: 
    +--------------------------+----------+----+---+----+------------+------------+
    |       Variable Name      | Operation| DSP| FF| LUT| Bitwidth P0| Bitwidth P1|
    +--------------------------+----------+----+---+----+------------+------------+
    |tmp_16_fu_594_p17         |         +|   0|  0|  13|           4|           1|
    |tmp_17_fu_623_p17         |         +|   0|  0|  13|           4|           2|
    |tmp_18_fu_652_p17         |         +|   0|  0|  13|           4|           2|
    |tmp_19_fu_681_p17         |         +|   0|  0|  13|           4|           3|
    |tmp_20_fu_710_p17         |         +|   0|  0|  13|           4|           3|
    |tmp_21_fu_739_p17         |         +|   0|  0|  13|           4|           3|
    |tmp_22_fu_768_p17         |         +|   0|  0|  13|           4|           3|
    |tmp_24_fu_826_p17         |         +|   0|  0|  13|           4|           4|
    |tmp_25_fu_855_p17         |         +|   0|  0|  13|           4|           4|
    |tmp_26_fu_884_p17         |         +|   0|  0|  13|           4|           4|
    |tmp_27_fu_913_p17         |         +|   0|  0|  13|           4|           4|
    |tmp_28_fu_942_p17         |         +|   0|  0|  13|           4|           3|
    |tmp_29_fu_971_p17         |         +|   0|  0|  13|           4|           3|
    |tmp_30_fu_1000_p17        |         +|   0|  0|  13|           4|           2|
    |tmp_10_fu_426_p17         |         -|   0|  0|  13|           4|           4|
    |tmp_11_fu_455_p17         |         -|   0|  0|  13|           4|           4|
    |tmp_12_fu_484_p17         |         -|   0|  0|  13|           3|           4|
    |tmp_13_fu_513_p17         |         -|   0|  0|  13|           3|           4|
    |tmp_1_fu_136_p17          |         -|   0|  0|  13|           1|           4|
    |tmp_2_fu_165_p17          |         -|   0|  0|  13|           2|           4|
    |tmp_3_fu_194_p17          |         -|   0|  0|  13|           2|           4|
    |tmp_4_fu_223_p17          |         -|   0|  0|  13|           3|           4|
    |tmp_5_fu_252_p17          |         -|   0|  0|  13|           3|           4|
    |tmp_6_fu_281_p17          |         -|   0|  0|  13|           3|           4|
    |tmp_7_fu_310_p17          |         -|   0|  0|  13|           3|           4|
    |tmp_8_fu_339_p17          |         -|   0|  0|  13|           5|           4|
    |tmp_9_fu_368_p17          |         -|   0|  0|  13|           4|           4|
    |tmp_fu_107_p17            |         -|   0|  0|  13|           1|           4|
    |tmp_s_fu_397_p17          |         -|   0|  0|  13|           4|           4|
    |ap_block_state1           |        or|   0|  0|   2|           1|           1|
    |ap_block_state16          |        or|   0|  0|   2|           1|           1|
    |ap_block_state32          |        or|   0|  0|   2|           1|           1|
    |select_ln4_10_fu_1103_p3  |    select|   0|  0|  16|           1|          16|
    |select_ln4_11_fu_1111_p3  |    select|   0|  0|  16|           1|          16|
    |select_ln4_12_fu_1119_p3  |    select|   0|  0|  16|           1|          16|
    |select_ln4_13_fu_1127_p3  |    select|   0|  0|  16|           1|          16|
    |select_ln4_14_fu_1135_p3  |    select|   0|  0|  16|           1|          16|
    |select_ln4_15_fu_1143_p3  |    select|   0|  0|  16|           1|          16|
    |select_ln4_1_fu_1031_p3   |    select|   0|  0|  16|           1|          16|
    |select_ln4_2_fu_1039_p3   |    select|   0|  0|  16|           1|          16|
    |select_ln4_3_fu_1047_p3   |    select|   0|  0|  16|           1|          16|
    |select_ln4_4_fu_1055_p3   |    select|   0|  0|  16|           1|          16|
    |select_ln4_5_fu_1063_p3   |    select|   0|  0|  16|           1|          16|
    |select_ln4_6_fu_1071_p3   |    select|   0|  0|  16|           1|          16|
    |select_ln4_7_fu_1079_p3   |    select|   0|  0|  16|           1|          16|
    |select_ln4_8_fu_1087_p3   |    select|   0|  0|  16|           1|          16|
    |select_ln4_9_fu_1095_p3   |    select|   0|  0|  16|           1|          16|
    |select_ln4_fu_1023_p3     |    select|   0|  0|  16|           1|          16|
    |tmp_14_fu_542_p17         |       xor|   0|  0|   4|           4|           2|
    |tmp_23_fu_797_p17         |       xor|   0|  0|   5|           4|           5|
    +--------------------------+----------+----+---+----+------------+------------+
    |Total                     |          |   0|  0| 648|         128|         367|
    +--------------------------+----------+----+---+----+------------+------------+

    * Multiplexer: 
    +-----------------------------+-----+-----------+-----+-----------+
    |             Name            | LUT | Input Size| Bits| Total Bits|
    +-----------------------------+-----+-----------+-----+-----------+
    |ap_NS_fsm                    |  147|         33|    1|         33|
    |data_in_TDATA_blk_n          |    9|          2|    1|          2|
    |data_out_TDATA_blk_n         |    9|          2|    1|          2|
    |data_out_TDATA_int_regslice  |   81|         17|   16|        272|
    +-----------------------------+-----+-----------+-----+-----------+
    |Total                        |  246|         54|   19|        309|
    +-----------------------------+-----+-----------+-----+-----------+

    * Register: 
    +------------------------+----+----+-----+-----------+
    |          Name          | FF | LUT| Bits| Const Bits|
    +------------------------+----+----+-----+-----------+
    |ap_CS_fsm               |  32|   0|   32|          0|
    |din_V_10_reg_1512       |  16|   0|   16|          0|
    |din_V_11_reg_1548       |  16|   0|   16|          0|
    |din_V_12_reg_1584       |  16|   0|   16|          0|
    |din_V_13_reg_1620       |  16|   0|   16|          0|
    |din_V_14_reg_1656       |  16|   0|   16|          0|
    |din_V_1_reg_1188        |  16|   0|   16|          0|
    |din_V_2_reg_1224        |  16|   0|   16|          0|
    |din_V_3_reg_1260        |  16|   0|   16|          0|
    |din_V_4_reg_1296        |  16|   0|   16|          0|
    |din_V_5_reg_1332        |  16|   0|   16|          0|
    |din_V_6_reg_1368        |  16|   0|   16|          0|
    |din_V_7_reg_1404        |  16|   0|   16|          0|
    |din_V_8_reg_1440        |  16|   0|   16|          0|
    |din_V_9_reg_1476        |  16|   0|   16|          0|
    |din_V_reg_1152          |  16|   0|   16|          0|
    |select_ln4_10_reg_1742  |  16|   0|   16|          0|
    |select_ln4_11_reg_1747  |  16|   0|   16|          0|
    |select_ln4_12_reg_1752  |  16|   0|   16|          0|
    |select_ln4_13_reg_1757  |  16|   0|   16|          0|
    |select_ln4_14_reg_1762  |  16|   0|   16|          0|
    |select_ln4_1_reg_1697   |  16|   0|   16|          0|
    |select_ln4_2_reg_1702   |  16|   0|   16|          0|
    |select_ln4_3_reg_1707   |  16|   0|   16|          0|
    |select_ln4_4_reg_1712   |  16|   0|   16|          0|
    |select_ln4_5_reg_1717   |  16|   0|   16|          0|
    |select_ln4_6_reg_1722   |  16|   0|   16|          0|
    |select_ln4_7_reg_1727   |  16|   0|   16|          0|
    |select_ln4_8_reg_1732   |  16|   0|   16|          0|
    |select_ln4_9_reg_1737   |  16|   0|   16|          0|
    |select_ln4_reg_1692     |  16|   0|   16|          0|
    +------------------------+----+----+-----+-----------+
    |Total                   | 512|   0|  512|          0|
    +------------------------+----+----+-----+-----------+



================================================================
== Interface
================================================================
* Summary: 
+-----------------+-----+-----+------------+----------------+--------------+
|    RTL Ports    | Dir | Bits|  Protocol  |  Source Object |    C Type    |
+-----------------+-----+-----+------------+----------------+--------------+
|ap_clk           |   in|    1|  ap_ctrl_hs|  shift_register|  return value|
|ap_rst_n         |   in|    1|  ap_ctrl_hs|  shift_register|  return value|
|ap_start         |   in|    1|  ap_ctrl_hs|  shift_register|  return value|
|ap_done          |  out|    1|  ap_ctrl_hs|  shift_register|  return value|
|ap_idle          |  out|    1|  ap_ctrl_hs|  shift_register|  return value|
|ap_ready         |  out|    1|  ap_ctrl_hs|  shift_register|  return value|
|data_in_TDATA    |   in|   16|        axis|         data_in|       pointer|
|data_in_TVALID   |   in|    1|        axis|         data_in|       pointer|
|data_in_TREADY   |  out|    1|        axis|         data_in|       pointer|
|shift_value      |   in|   16|     ap_none|     shift_value|        scalar|
|shift_flag       |   in|    1|     ap_none|      shift_flag|        scalar|
|data_out_TDATA   |  out|   16|        axis|        data_out|       pointer|
|data_out_TVALID  |  out|    1|        axis|        data_out|       pointer|
|data_out_TREADY  |   in|    1|        axis|        data_out|       pointer|
+-----------------+-----+-----+------------+----------------+--------------+

